// Jest Snapshot v1, https://jestjs.io/docs/snapshot-testing

exports[` 1`] = `
[
  "0x0:Unknown",
  "0x1:Unknown",
  "0x2:Unknown",
  "0x3:Unknown",
  "0x4:Unknown",
  "0x5:Unknown",
  "0x6:Unknown",
  "0x7:Unknown",
  "0x8:Unknown",
  "0x9:Unknown",
  "0xa:Cardio",
  "0xb:Unknown",
  "0xc:Unknown",
  "0xd:Unknown",
  "0xe:Unknown",
  "0xf:Unknown",
  "0x10:Unknown",
  "0x11:Unknown",
  "0x12:Unknown",
  "0x13:Unknown",
  "0x14:Fitness",
  "0x15:Unknown",
  "0x16:Unknown",
  "0x17:Unknown",
  "0x18:Unknown",
  "0x19:Unknown",
  "0x1a:Unknown",
  "0x1b:Unknown",
  "0x1c:Unknown",
  "0x1d:Unknown",
  "0x1e:Vita De Luxe",
  "0x1f:Unknown",
  "0x20:Unknown",
  "0x21:Unknown",
  "0x22:Unknown",
  "0x23:Unknown",
  "0x24:Unknown",
  "0x25:Unknown",
  "0x26:Unknown",
  "0x27:Unknown",
  "0x28:8008",
  "0x29:Unknown",
  "0x2a:8008 TRS",
  "0x2b:Unknown",
  "0x2c:Unknown",
  "0x2d:Unknown",
  "0x2e:Unknown",
  "0x2f:Unknown",
  "0x30:Unknown",
  "0x31:Unknown",
  "0x32:8080",
  "0x33:Unknown",
  "0x34:Unknown",
  "0x35:Unknown",
  "0x36:Unknown",
  "0x37:Unknown",
  "0x38:Unknown",
  "0x39:Unknown",
  "0x3a:Unknown",
  "0x3b:Unknown",
  "0x3c:Therapie",
  "0x3d:Unknown",
  "0x3e:Unknown",
  "0x3f:Unknown",
  "0x40:Unknown",
  "0x41:Unknown",
  "0x42:Unknown",
  "0x43:Unknown",
  "0x44:Unknown",
  "0x45:Unknown",
  "0x46:Unknown",
  "0x47:Unknown",
  "0x48:Unknown",
  "0x49:Unknown",
  "0x4a:Unknown",
  "0x4b:Unknown",
  "0x4c:Unknown",
  "0x4d:Unknown",
  "0x4e:Unknown",
  "0x4f:Unknown",
  "0x50:Unknown",
  "0x51:Unknown",
  "0x52:Unknown",
  "0x53:Unknown",
  "0x54:Unknown",
  "0x55:Unknown",
  "0x56:Unknown",
  "0x57:Unknown",
  "0x58:Unknown",
  "0x59:Unknown",
  "0x5a:Unknown",
  "0x5b:Unknown",
  "0x5c:Unknown",
  "0x5d:Unknown",
  "0x5e:Unknown",
  "0x5f:Unknown",
  "0x60:Unknown",
  "0x61:Unknown",
  "0x62:Unknown",
  "0x63:Unknown",
  "0x64:8008 TRS Pro",
  "0x65:Unknown",
  "0x66:Unknown",
  "0x67:Unknown",
  "0x68:Unknown",
  "0x69:Unknown",
  "0x6a:Unknown",
  "0x6b:Unknown",
  "0x6c:Unknown",
  "0x6d:Unknown",
  "0x6e:Unknown",
  "0x6f:Unknown",
  "0x70:Unknown",
  "0x71:Unknown",
  "0x72:Unknown",
  "0x73:Unknown",
  "0x74:Unknown",
  "0x75:Unknown",
  "0x76:Unknown",
  "0x77:Unknown",
  "0x78:Unknown",
  "0x79:Unknown",
  "0x7a:Unknown",
  "0x7b:Unknown",
  "0x7c:Unknown",
  "0x7d:Unknown",
  "0x7e:Unknown",
  "0x7f:Unknown",
  "0x80:Unknown",
  "0x81:Unknown",
  "0x82:Unknown",
  "0x83:Unknown",
  "0x84:Unknown",
  "0x85:Unknown",
  "0x86:Unknown",
  "0x87:Unknown",
  "0x88:Unknown",
  "0x89:Unknown",
  "0x8a:Unknown",
  "0x8b:Unknown",
  "0x8c:Unknown",
  "0x8d:ergo_lyps Cardio Pro",
  "0x8e:Unknown",
  "0x8f:Unknown",
  "0x90:Unknown",
  "0x91:Unknown",
  "0x92:Unknown",
  "0x93:Unknown",
  "0x94:Unknown",
  "0x95:Unknown",
  "0x96:Unknown",
  "0x97:Unknown",
  "0x98:Unknown",
  "0x99:Unknown",
  "0x9a:Unknown",
  "0x9b:Unknown",
  "0x9c:Unknown",
  "0x9d:Unknown",
  "0x9e:Unknown",
  "0x9f:Unknown",
  "0xa0:8008 TRS3",
  "0xa1:Unknown",
  "0xa2:Unknown",
  "0xa3:Unknown",
  "0xa4:Unknown",
  "0xa5:Unknown",
  "0xa6:Unknown",
  "0xa7:Unknown",
  "0xa8:Unknown",
  "0xa9:Unknown",
  "0xaa:Unknown",
  "0xab:Unknown",
  "0xac:Unknown",
  "0xad:Unknown",
  "0xae:Unknown",
  "0xaf:Unknown",
  "0xb0:Unknown",
  "0xb1:Unknown",
  "0xb2:Unknown",
  "0xb3:Unknown",
  "0xb4:Unknown",
  "0xb5:Unknown",
  "0xb6:Unknown",
  "0xb7:Unknown",
  "0xb8:Unknown",
  "0xb9:Unknown",
  "0xba:Unknown",
  "0xbb:Unknown",
  "0xbc:Unknown",
  "0xbd:Unknown",
  "0xbe:Unknown",
  "0xbf:Unknown",
  "0xc0:Unknown",
  "0xc1:Unknown",
  "0xc2:Unknown",
  "0xc3:Unknown",
  "0xc4:Unknown",
  "0xc5:Unknown",
  "0xc6:Unknown",
  "0xc7:Unknown",
  "0xc8:Unknown",
  "0xc9:Unknown",
  "0xca:Unknown",
  "0xcb:Unknown",
  "0xcc:Unknown",
  "0xcd:Unknown",
  "0xce:Unknown",
  "0xcf:Unknown",
  "0xd0:Unknown",
  "0xd1:Unknown",
  "0xd2:Unknown",
  "0xd3:Unknown",
  "0xd4:Unknown",
  "0xd5:Unknown",
  "0xd6:Unknown",
  "0xd7:Unknown",
  "0xd8:Unknown",
  "0xd9:Unknown",
  "0xda:Unknown",
  "0xdb:Unknown",
  "0xdc:Unknown",
  "0xdd:Unknown",
  "0xde:Unknown",
  "0xdf:Unknown",
  "0xe0:Unknown",
  "0xe1:Unknown",
  "0xe2:Unknown",
  "0xe3:Unknown",
  "0xe4:Unknown",
  "0xe5:Unknown",
  "0xe6:Unknown",
  "0xe7:Unknown",
  "0xe8:Unknown",
  "0xe9:Unknown",
  "0xea:Unknown",
  "0xeb:Unknown",
  "0xec:Unknown",
  "0xed:Unknown",
  "0xee:Unknown",
  "0xef:Unknown",
  "0xf0:Unknown",
  "0xf1:Unknown",
  "0xf2:Unknown",
  "0xf3:Unknown",
  "0xf4:Unknown",
  "0xf5:Unknown",
  "0xf6:Unknown",
  "0xf7:Unknown",
  "0xf8:Unknown",
  "0xf9:Unknown",
  "0xfa:Unknown",
  "0xfb:Unknown",
  "0xfc:Unknown",
  "0xfd:Unknown",
  "0xfe:Unknown",
  "0xff:Unknown",
]
`;

exports[` 2`] = `
[
  "race:0",
  "mountain:1",
  "triathlon:0",
  "undefined:0",
]
`;

exports[` 3`] = `
[
  "0xM:0",
  "0xF:1",
  "0xX:2",
  "0xundefined:2",
]
`;
