// Jest Snapshot v1, https://jestjs.io/docs/snapshot-testing

exports[`BLE-SmartTrainer statics 1`] = `"Calculates speed based on power and slope. Slope is set to the device"`;

exports[`BLE-SmartTrainer statics 2`] = `
[
  {
    "default": "Race",
    "description": "",
    "key": "bikeType",
    "name": "Bike Type",
    "options": [
      "Race",
      "Mountain",
      "Triathlon",
    ],
    "type": "SingleSelect",
  },
  {
    "default": 100,
    "description": "Percentage of slope that should be sent to the SmartTrainer. Should be used in case the slopes are feeling too hard",
    "key": "slopeAdj",
    "max": 200,
    "min": 0,
    "name": "Bike Reality Factor",
    "type": "Integer",
  },
  {
    "default": 50,
    "description": "Percentage of slope that should be sent during downhill sections. Should be used to avoid spinning out",
    "key": "slopeAdjDown",
    "max": 100,
    "min": 0,
    "name": "Bike Reality Factor downhill",
    "type": "Integer",
  },
  {
    "default": "Disabled",
    "description": "Enable virtual shifting",
    "key": "virtshift",
    "name": "Virtual Shifting",
    "options": [
      "Disabled",
      "Enabled",
      "Mixed",
    ],
    "type": "SingleSelect",
  },
]
`;
