// Vitest Snapshot v1, https://vitest.dev/guide/snapshot.html

exports[`PowerMeterMode > getDescription > should match description from config 1`] = `
"Power and cadence are taken from device. Speed is calculated from power and current slope
This mode will not respect maximum power and/or workout limits"
`;

exports[`PowerMeterMode getDescription should match description from config 1`] = `
"Power and cadence are taken from device. Speed is calculated from power and current slope
This mode will not respect maximum power and/or workout limits"
`;
